\ref something0
\mt somethingsomething gaha somethingsomething
\ma somethingsomething gaaha somethingsomething

\ref something1
\mt somethingsomething ragaha somethingsomething
\ma somethingsomething ragaha somethingsomething
