\ref something0
\mt somethingsomething osom somethingsomething
\ma somethingsomething osong somethingsomething

\ref something1
\mt somethingsomething bosom somethingsomething
\ma somethingsomething bosom somethingsomething
