\ref something0
\mt somethingsomething saman somethingsomething
\ma somethingsomething samang somethingsomething

\ref something1
\mt somethingsomething samantha somethingsomething
\ma somethingsomething samantha somethingsomething
