\ref something0
\ELANParticipant unknown

\mt somethingsomething sena somethingsomething
\ma somethingsomething so ena somethingsomething
\mb
\gl 
\ps 

\ft
\nt

\arg
\bwo
\vo

\ELANBegin 00:00:13.510
\ELANEnd 00:00:15.512



\ref something1
\ELANParticipant someone

\mt somethingsomething soena somethingsomething
\ma somethingsomething soena somethingsomething
\mb
\gl 
\ps 

\ft
\nt

\arg
\bwo
\vo

\ELANBegin 00:00:15.512
\ELANEnd 00:00:18.515

