\ref something0
\ELANParticipant unknown

\mt somethingsomething veampeu somethingsomething
\ma somethingsomething veangpeu somethingsomething
\mb
\gl 
\ps 

\ft
\nt

\arg
\bwo
\vo

\ELANBegin 00:00:13.510
\ELANEnd 00:00:15.512



\ref something1
\ELANParticipant someone

\mt somethingsomething veam peu somethingsomething
\ma somethingsomething veam peu somethingsomething
\mb
\gl 
\ps 

\ft
\nt

\arg
\bwo
\vo

\ELANBegin 00:00:15.512
\ELANEnd 00:00:18.515

