\ref something0
\mt somethingsomething vitovito somethingsomething
\ma somethingsomething vituvitu somethingsomething

\ref something1
\mt somethingsomething tivona somethingsomething
\ma somethingsomething tivona somethingsomething
