\mt sagu question ena'a / kenoa
\ma sagu           question   ena'a kenoa
\mb sa   -gu       question   ena'a keno -'ang
\gl POSS -1SG.POSS P.question DEM   sea  -LOC
\ps poss -psuf     n          dem   n    -nsuf
