\_sh v3.0  400  Mytext

\ref superaleix_testivena_apostrophe_000

\mt
\ma
\mb
\gl
\ps 

\nt
\ft 

\arg
\vo
\pt
\bwo 

\ELANBegin 00:00:00.000
\ELANEnd 00:00:02.049
\ELANParticipant unknown

\ref superaleix_textivena_apostrophe_001

\mt so saria / saria kanegana
\ma so saria  saria kanegana
\mb
\gl
\ps 

\nt
\ft 

\arg
\vo
\pt
\bwo 

\ELANBegin 00:00:02.049
\ELANEnd 00:00:06.734
\ELANParticipant scm

\ref superaleix_textivena_apostrophe_002

\mt 'ati ona hangnatoi / o
\ma qati ona hangnatoi  o
\mb
\gl
\ps 

\nt PROH; ati/'ati?
\ft 

\arg
\vo
\pt
\bwo 

\ELANBegin 00:00:06.734
\ELANEnd 00:00:11.194
\ELANParticipant am

\ref superaleix_textivena_apostrophe_003

\mt ivena hae'o 
\ma iva ena haeqo 
\mb
\gl
\ps 

\nt no more Xta
\ft 

\arg
\vo
\pt
\bwo 

\ELANBegin 00:00:11.194
\ELANEnd 00:00:14.555
\ELANParticipant am

\ref superaleix_textivena_apostrophe_004

\mt ena'a ivena areai iva amang tu'u
\ma enaqa iva ena areai iva amang tuqu
\mb
\gl
\ps 

\nt DEM as pre-V O
\ft 

\arg
\vo
\pt
\bwo 

\ELANBegin 00:00:14.555
\ELANEnd 00:00:17.031
\ELANParticipant scm

\ref superaleix_textivena_apostrophe_005

\mt iri isakanegana
\ma iri isakanegana
\mb
\gl
\ps 

\nt
\ft 

\arg
\vo
\pt
\bwo 

\ELANBegin 00:00:17.031
\ELANEnd 00:00:19.786
\ELANParticipant am


\ELANMediaURL file:///C:/Users/c3199746/mte/fieldwork/Audio/ELANed/mi_duact_nachtrag.wav
\ELANMediaMIME audio/x-wav
