\ref something0
\mt somethingsomething ivena somethingsomething
\ma somethingsomething iva ena somethingsomething

\ref something1
\mt somethingsomething ivenang somethingsomething
\ma somethingsomething ivenang somethingsomething
