\ref something0
\ELANParticipant unknown

\mt somethingsomething ivena somethingsomething
\ma somethingsomething iva ena somethingsomething
\mb
\gl 
\ps 

\ft
\nt

\arg
\bwo
\vo

\ELANBegin 00:00:13.510
\ELANEnd 00:00:15.512



\ref something1
\ELANParticipant someone

\mt somethingsomething ivenang somethingsomething
\ma somethingsomething ivenang somethingseomthing
\mb
\gl 
\ps 

\ft
\nt

\arg
\bwo
\vo

\ELANBegin 00:00:15.512
\ELANEnd 00:00:18.515

