\ref something0
\mt somethingsomething (qu)ta somethingsomething
\ma somethingsomething xta somethingsomething

\ref something1
\mt somethingsomething (q)uta somethingsomething
\ma somethingsomething (q)uta somethingsomething
