\ref something0
\ELANParticipant unknown

\mt somethingsomething 'uta somethingsomething
\ma somethingsomething xta somethingsomething
\mb
\gl 
\ps 

\ft
\nt

\arg
\bwo
\vo

\ELANBegin 00:00:13.510
\ELANEnd 00:00:15.512



\ref something1
\ELANParticipant someone

\mt somethingsomething ha'uta somethingsomething
\ma somethingsomething ha'uta somethingsomething
\mb
\gl 
\ps 

\ft
\nt

\arg
\bwo
\vo

\ELANBegin 00:00:15.512
\ELANEnd 00:00:18.515

