\ref something0
\mt somethingsomething andri somethingsomething
\ma somethingsomething angri somethingsomething

\ref something1
\mt somethingsomething andre somethingsomething
\ma somethingsomething andre somethingsomething
