\ref something0
\mt somethingsomething ana somethingsomething
\ma somethingsomething angna somethingsomething

\ref something1
\mt somethingsomething banana somethingsomething
\ma somethingsomething banana somethingsomething
