\ref something0
\mt somethingsomething andia somethingsomething
\ma somethingsomething angria somethingsomething

\ref something1
\mt somethingsomething nandia somethingsomething
\ma somethingsomething nandia somethingsomething
