\ref something0
\mt somethingsomething andria somethingsomething
\ma somethingsomething angria somethingsomething

\ref something1
\mt somethingsomething andrian somethingsomething
\ma somethingsomething andrian somethingsomething
