\ref something0
\ELANParticipant unknown

\mt somethingsomething irena(?) (?) somethingsomething
\ma somethingsomething irena somethingsomething
\mb
\gl 
\ps 

\ft
\nt

\arg
\bwo
\vo

\ELANBegin 00:00:13.510
\ELANEnd 00:00:15.512



\ref something1
\ELANParticipant someone

\mt somethingsomething iv(?)enang? somethingsomething
\ma somethingsomething ivenang? somethingsomething
\mb
\gl 
\ps 

\ft
\nt

\arg
\bwo
\vo

\ELANBegin 00:00:15.512
\ELANEnd 00:00:18.515

