\ref something0
\mt somethingsomething ataendi somethingsomething
\ma somethingsomething ataengri somethingsomething

\ref something1
\mt somethingsomething korino somethingsomething
\ma somethingsomething korino somethingsomething
