\ref something0
\mt somethingsomething enaqaindi somethingsomething
\ma somethingsomething enaqaingri somethingsomething

\ref something1
\mt somethingsomething enaqa somethingsomething
\ma somethingsomething enaqa somethingsomething
