\ref something0
\mt somethingsomething inami somethingsomething
\ma somethingsomething ingnami somethingsomething

\ref something1
\mt somethingsomething inanimate somethingsomething
\ma somethingsomething inanimate somethingsomething
