\ref something0
\mt somethingsomething inaha somethingsomething
\ma somethingsomething ingnaha somethingsomething

\ref something1
\mt somethingsomething tinaha somethingsomething
\ma somethingsomething tinaha somethingsomething
