\ref something0
\mt somethingsomething ino somethingsomething
\ma somethingsomething ingno somethingsomething

\ref something1
\mt somethingsomething dino somethingsomething
\ma somethingsomething dino somethingsomething
