\ref something0
\mt somethingsomething indi somethingsomething
\ma somethingsomething ingri somethingsomething

\ref something1
\mt somethingsomething india somethingsomething
\ma somethingsomething india somethingsomething
