\ref something0
\mt somethingsomething ina somethingsomething
\ma somethingsomething ingna somethingsomething

\ref something1
\mt somethingsomething hina somethingsomething
\ma somethingsomething hina somethingsomething
