\ref something0
\mt somethingsomething lagalandi somethingsomething
\ma somethingsomething lagalangri somethingsomething

\ref something1
\mt somethingsomething landing somethingsomething
\ma somethingsomething landing somethingsomething
