\ref something0
\mt somethingsomething porondi somethingsomething
\ma somethingsomething porongri somethingsomething

\ref something1
\mt somethingsomething poncho somethingsomething
\ma somethingsomething poncho somethingsomething
