\ref something0
\mt somethingsomething salinaha somethingsomething
\ma somethingsomething salingnaha somethingsomething

\ref something1
\mt somethingsomething nanaha somethingsomething
\ma somethingsomething nanaha somethingsomething
