\ref something0
\mt somethingsomething salindi somethingsomething
\ma somethingsomething salingri somethingsomething

\ref something1
\mt somethingsomething salad somethingsomething
\ma somethingsomething salad somethingsomething
