\ref something0
\mt somethingsomething salino somethingsomething
\ma somethingsomething salingno somethingsomething

\ref something1
\mt somethingsomething saline somethingsomething
\ma somethingsomething saline somethingsomething
