\ref something0
\mt somethingsomething hatoivandi somethingsomething
\ma somethingsomething hatoivangri somethingsomething

\ref something1
\mt somethingsomething vundi somethingsomething
\ma somethingsomething vundi somethingsomething
