\ref something0
\ELANParticipant unknown

\mt somethingsomething nonovul- -nonovulu somethingsomething
\ma somethingsomething * -nonovulu somethingsomething
\mb
\gl 
\ps 

\ft
\nt

\arg
\bwo
\vo

\ELANBegin 00:00:13.510
\ELANEnd 00:00:15.512



\ref something1
\ELANParticipant someone

\mt somethingsomething XXXnonovulu- nono-vulu somethingsomething
\ma somethingsomething * nono-vulu somethingsomething
\mb
\gl 
\ps 

\ft
\nt

\arg
\bwo
\vo

\ELANBegin 00:00:15.512
\ELANEnd 00:00:18.515

